[1763472000.183] pid=162401 tid=162401 [TRACE] open("/proc/sys/crypto/fips_enabled", O_RDONLY) = -1 (errno=2: No such file or directory)
[1763472000.184] pid=162401 tid=162401 [TRACE] open("/home/anna/.curlrc", O_RDONLY) = -1 (errno=2: No such file or directory)
[1763472000.184] pid=162401 tid=162401 [TRACE] open("/home/anna/.config/curlrc", O_RDONLY) = -1 (errno=2: No such file or directory)
[1763472000.184] pid=162401 tid=162401 [TRACE] open("/home/anna/.curlrc", O_RDONLY) = -1 (errno=2: No such file or directory)
[1763472000.185] pid=162401 tid=162401 [TRACE] close(fd=5) = 0
[1763472000.185] pid=162401 tid=162402 [TRACE] write(fd=6, len=1) = 1
[1763472000.186] pid=162401 tid=162401 [TRACE] close(fd=6) = 0
[1763472000.186] pid=162401 tid=162401 [TRACE] close(fd=5) = 0
* Host example.com:443 was resolved.
* IPv6: 2606:2800:220:1:248:1893:25c8:1946, 2606:2800:220:1:248:1893:25c8:1947
* IPv4: 93.184.216.34, 93.184.216.35
*   Trying 93.184.216.34:443...
*   Trying [2606:2800:220:1:248:1893:25c8:1946]:443...
* Immediate connect fail for 2606:2800:220:1:248:1893:25c8:1946: Network is unreachable
[1763472000.378] pid=162401 tid=162401 [TRACE] close(fd=6) = 0
*   Trying [2606:2800:220:1:248:1893:25c8:1947]:443...
* Immediate connect fail for 2606:2800:220:1:248:1893:25c8:1947: Network is unreachable
[1763472000.379] pid=162401 tid=162401 [TRACE] close(fd=6) = 0
* Connected to example.com (93.184.216.34) port 443
* ALPN: curl offers h2,http/1.1
* TLSv1.3 (OUT), TLS handshake, Client hello (1):
*  CAfile: /etc/ssl/certs/ca-certificates.crt
*  CApath: /etc/ssl/certs
* TLSv1.3 (IN), TLS handshake, Server hello (2):
* TLSv1.3 (IN), TLS handshake, Encrypted Extensions (8):
* TLSv1.3 (IN), TLS handshake, Certificate (11):
* TLSv1.3 (IN), TLS handshake, CERT verify (15):
* TLSv1.3 (IN), TLS handshake, Finished (20):
* TLSv1.3 (OUT), TLS change cipher, Change cipher spec (1):
* TLSv1.3 (OUT), TLS handshake, Finished (20):
* SSL connection using TLSv1.3 / TLS_AES_256_GCM_SHA384 / X25519 / id-ecPublicKey
* ALPN: server accepted h2
* Server certificate:
*  subject: C=US; ST=California; L=Los Angeles; O=Internet Corporation for Assigned Names and Numbers; CN=*.example.com
*  start date: Jan 15 00:00:00 2025 GMT
*  expire date: Jan 15 23:59:59 2026 GMT
*  subjectAltName: host "example.com" matched cert's "example.com"
*  issuer: C=US; O=DigiCert Inc; CN=DigiCert Global G3 TLS ECC SHA384 2020 CA1
*  SSL certificate verify ok.
*   Certificate level 0: Public key type EC/prime256v1 (256/128 Bits/secBits), signed using ecdsa-with-SHA384
*   Certificate level 1: Public key type EC/secp384r1 (384/192 Bits/secBits), signed using ecdsa-with-SHA384
*   Certificate level 2: Public key type EC/secp384r1 (384/192 Bits/secBits), signed using ecdsa-with-SHA384
* using HTTP/2
* [HTTP/2] [1] OPENED stream for https://example.com/  
* [HTTP/2] [1] [:method: HEAD]
* [HTTP/2] [1] [:scheme: https]
* [HTTP/2] [1] [:authority: example.com]
* [HTTP/2] [1] [:path: /]
* [HTTP/2] [1] [user-agent: curl/8.5.0]
* [HTTP/2] [1] [accept: */*]
> HEAD / HTTP/2
> Host: example.com
> User-Agent: curl/8.5.0
> Accept: */*
> 
* TLSv1.3 (IN), TLS handshake, Newsession Ticket (4):
* TLSv1.3 (IN), TLS handshake, Newsession Ticket (4):
* old SSL session ID is stale, removing
< HTTP/2 200 
< content-type: text/html
< etag: "bc2473a18e003bdb249eba5ce893033f:1760028122.592274"
< last-modified: Thu, 09 Oct 2025 16:42:02 GMT
< cache-control: max-age=86000
< date: Tue, 18 Nov 2025 14:20:00 GMT
< alt-svc: h3=":443"; ma=93600
< 
* Connection #0 to host example.com left intact
[1763472000.987] pid=162401 tid=162401 [TRACE] close(fd=3) = 0
[1763472000.987] pid=162401 tid=162401 [TRACE] close(fd=4) = 0
[1763472000.988] pid=162401 tid=162401 [TRACE] close(fd=5) = 0